../Core/Src/TPS2482.c:3:6:TPS2482_Init	152	dynamic
../Core/Src/TPS2482.c:62:6:TPS2482_Get_Register	80	dynamic
../Core/Src/TPS2482.c:75:6:TPS2482_Get_Config	32	static
../Core/Src/TPS2482.c:79:6:TPS2482_Poll_Shunt_Voltage	32	static
../Core/Src/TPS2482.c:83:6:TPS2482_Poll_Bus_Voltage	32	static
../Core/Src/TPS2482.c:87:6:TPS2482_Poll_Power	32	static
../Core/Src/TPS2482.c:91:6:TPS2482_Poll_Current	32	static
../Core/Src/TPS2482.c:95:6:TPS2482_Get_CAL	32	static
../Core/Src/TPS2482.c:99:6:TPS2482_Get_Mask	32	static
../Core/Src/TPS2482.c:103:6:TPS2482_Get_Alert_Limit	32	static
../Core/Src/TPS2482.c:107:6:TPS2482_Get_ID	32	static
../Core/Src/TPS2482.c:111:6:TPS2482_Write_Register	48	static
../Core/Src/TPS2482.c:119:6:TPS2482_Write_Config	32	static
../Core/Src/TPS2482.c:123:6:TPS2482_Write_CAL	32	static
../Core/Src/TPS2482.c:127:6:TPS2482_Write_Mask	32	static
../Core/Src/TPS2482.c:131:6:TPS2482_Write_Alert_Limit	32	static
../Core/Src/TPS2482.c:135:6:TPS2482_GPIO_Write	32	static
../Core/Src/TPS2482.c:141:6:TPS2482_GPIO_Read	40	static
../Core/Src/TPS2482.c:147:6:TPS2482_Enable	24	static
